0:	INPUT
1:	STORE	0
2:	PUSH	0
3:	STORE	1
4:	LOAD	1
5:	PUSH	1
6:	ADD
7:	STORE	1
8:	LOAD	1
9:	PRINT
10:	LOAD	1
11:	LOAD	0
12:	COMPARE	5
13:	JUMP_NO	4
14:	STOP
