0:	PUSH	0
1:	STORE	0
2:	INPUT
3:	STORE	1
4:	LOAD	0
5:	LOAD	1
6:	ADD
7:	STORE	0
8:	LOAD	1
9:	PUSH	0
10:	COMPARE	0
11:	JUMP_NO	2
12:	LOAD	0
13:	PRINT
14:	STOP
